2025-01-18 15:59:59 [INF] HTTP GET /swagger/index.html responded 200 in 74.9089 ms
2025-01-18 15:59:59 [INF] HTTP GET /swagger/v1/swagger.json responded 200 in 14.6749 ms
2025-01-18 16:00:21 [INF] HTTP OPTIONS /api/Game/start responded 204 in 5.9667 ms
2025-01-18 16:00:22 [INF] Starting a new game for user user_apgitn
2025-01-18 16:00:22 [INF] Game state successfully saved for GameId 31c86763-93a6-4522-bcae-9a831f2524bd at D:\.NET Developer\TaskManagement\Cquence\Matches\31c86763-93a6-4522-bcae-9a831f2524bd.xml
2025-01-18 16:00:22 [INF] Game started with GameId 31c86763-93a6-4522-bcae-9a831f2524bd for user user_apgitn
2025-01-18 16:00:22 [INF] HTTP POST /api/Game/start responded 200 in 170.7032 ms
2025-01-18 16:00:41 [INF] HTTP OPTIONS /api/Game/31c86763-93a6-4522-bcae-9a831f2524bd/submit responded 204 in 0.7896 ms
2025-01-18 16:00:41 [INF] Submitting sequence for GameId 31c86763-93a6-4522-bcae-9a831f2524bd
2025-01-18 16:00:41 [INF] Game state successfully retrieved for GameId 31c86763-93a6-4522-bcae-9a831f2524bd
2025-01-18 16:00:41 [INF] Game state successfully saved for GameId 31c86763-93a6-4522-bcae-9a831f2524bd at D:\.NET Developer\TaskManagement\Cquence\Matches\31c86763-93a6-4522-bcae-9a831f2524bd.xml
2025-01-18 16:00:41 [WRN] Incorrect sequence submitted for GameId 31c86763-93a6-4522-bcae-9a831f2524bd. UserSequence: hearts_3, Expected: diamonds_K
2025-01-18 16:00:41 [INF] HTTP POST /api/Game/31c86763-93a6-4522-bcae-9a831f2524bd/submit responded 400 in 74.0601 ms
2025-01-18 16:03:39 [INF] HTTP OPTIONS /api/Game/start responded 204 in 0.5742 ms
2025-01-18 16:03:39 [INF] Starting a new game for user user_v27cdg
2025-01-18 16:03:39 [INF] Game state successfully saved for GameId 3b6e305d-56c9-4959-a18b-4665cf5929e3 at D:\.NET Developer\TaskManagement\Cquence\Matches\3b6e305d-56c9-4959-a18b-4665cf5929e3.xml
2025-01-18 16:03:39 [INF] Game started with GameId 3b6e305d-56c9-4959-a18b-4665cf5929e3 for user user_v27cdg
2025-01-18 16:03:39 [INF] HTTP POST /api/Game/start responded 200 in 19.0966 ms
2025-01-18 16:03:44 [INF] HTTP OPTIONS /api/Game/3b6e305d-56c9-4959-a18b-4665cf5929e3/submit responded 204 in 0.2279 ms
2025-01-18 16:03:44 [INF] Submitting sequence for GameId 3b6e305d-56c9-4959-a18b-4665cf5929e3
2025-01-18 16:03:44 [INF] Game state successfully retrieved for GameId 3b6e305d-56c9-4959-a18b-4665cf5929e3
2025-01-18 16:03:44 [INF] Correct sequence submitted for GameId 3b6e305d-56c9-4959-a18b-4665cf5929e3
2025-01-18 16:03:44 [INF] Game state successfully saved for GameId 3b6e305d-56c9-4959-a18b-4665cf5929e3 at D:\.NET Developer\TaskManagement\Cquence\Matches\3b6e305d-56c9-4959-a18b-4665cf5929e3.xml
2025-01-18 16:03:44 [INF] HTTP POST /api/Game/3b6e305d-56c9-4959-a18b-4665cf5929e3/submit responded 200 in 16.5294 ms
2025-01-18 16:16:15 [INF] HTTP OPTIONS /api/Game/start responded 204 in 2.4435 ms
2025-01-18 16:16:15 [INF] Starting a new game for user user_h5qhj
2025-01-18 16:16:15 [INF] Game state successfully saved for GameId 6f2c4edc-2e3c-4e4f-9aab-9eb0b4c2f87a at D:\.NET Developer\TaskManagement\Cquence\Matches\6f2c4edc-2e3c-4e4f-9aab-9eb0b4c2f87a.xml
2025-01-18 16:16:15 [INF] Game started with GameId 6f2c4edc-2e3c-4e4f-9aab-9eb0b4c2f87a for user user_h5qhj
2025-01-18 16:16:15 [INF] HTTP POST /api/Game/start responded 200 in 22.2215 ms
2025-01-18 16:16:22 [INF] HTTP OPTIONS /api/Game/6f2c4edc-2e3c-4e4f-9aab-9eb0b4c2f87a/submit responded 204 in 0.5351 ms
2025-01-18 16:16:22 [INF] Submitting sequence for GameId 6f2c4edc-2e3c-4e4f-9aab-9eb0b4c2f87a
2025-01-18 16:16:22 [INF] Game state successfully retrieved for GameId 6f2c4edc-2e3c-4e4f-9aab-9eb0b4c2f87a
2025-01-18 16:16:22 [INF] Correct sequence submitted for GameId 6f2c4edc-2e3c-4e4f-9aab-9eb0b4c2f87a
2025-01-18 16:16:22 [INF] Game state successfully saved for GameId 6f2c4edc-2e3c-4e4f-9aab-9eb0b4c2f87a at D:\.NET Developer\TaskManagement\Cquence\Matches\6f2c4edc-2e3c-4e4f-9aab-9eb0b4c2f87a.xml
2025-01-18 16:16:22 [INF] HTTP POST /api/Game/6f2c4edc-2e3c-4e4f-9aab-9eb0b4c2f87a/submit responded 200 in 17.9839 ms
2025-01-18 16:16:30 [INF] HTTP OPTIONS /api/Game/6f2c4edc-2e3c-4e4f-9aab-9eb0b4c2f87a/submit responded 204 in 0.1803 ms
2025-01-18 16:16:30 [INF] Submitting sequence for GameId 6f2c4edc-2e3c-4e4f-9aab-9eb0b4c2f87a
2025-01-18 16:16:30 [INF] Game state successfully retrieved for GameId 6f2c4edc-2e3c-4e4f-9aab-9eb0b4c2f87a
2025-01-18 16:16:30 [INF] Game state successfully saved for GameId 6f2c4edc-2e3c-4e4f-9aab-9eb0b4c2f87a at D:\.NET Developer\TaskManagement\Cquence\Matches\6f2c4edc-2e3c-4e4f-9aab-9eb0b4c2f87a.xml
2025-01-18 16:16:30 [WRN] Incorrect sequence submitted for GameId 6f2c4edc-2e3c-4e4f-9aab-9eb0b4c2f87a. UserSequence: hearts_J,diamonds_8, Expected: hearts_J,spades_8
2025-01-18 16:16:30 [INF] HTTP POST /api/Game/6f2c4edc-2e3c-4e4f-9aab-9eb0b4c2f87a/submit responded 400 in 21.5480 ms
2025-01-18 16:16:37 [INF] HTTP OPTIONS /api/Game/start responded 204 in 3.4076 ms
2025-01-18 16:16:37 [INF] Starting a new game for user user_nv37br
2025-01-18 16:16:37 [INF] Game state successfully saved for GameId da051ce8-e540-4544-aeeb-1053c9dcbef1 at D:\.NET Developer\TaskManagement\Cquence\Matches\da051ce8-e540-4544-aeeb-1053c9dcbef1.xml
2025-01-18 16:16:37 [INF] Game started with GameId da051ce8-e540-4544-aeeb-1053c9dcbef1 for user user_nv37br
2025-01-18 16:16:37 [INF] HTTP POST /api/Game/start responded 200 in 21.9759 ms
